../Core/Src/network.c:272:18:stai_network_init	8	static
../Core/Src/network.c:314:18:stai_network_deinit	0	static
../Core/Src/network.c:468:6:forward_lite_ap_integer_INT8_pool_7	32	static
../Core/Src/network.c:478:6:forward_lite_dense_integer_SSSA_ch_gemm_8	32	static
../Core/Src/network.c:611:18:stai_network_run	104	static
../Core/Src/network.c:808:11:stai_network_get_context_size	0	static
../Core/Src/network.c:831:18:stai_network_get_activations	8	static
../Core/Src/network.c:846:18:stai_network_get_weights	8	static
../Core/Src/network.c:860:18:stai_network_get_inputs	8	static
../Core/Src/network.c:874:18:stai_network_get_outputs	8	static
../Core/Src/network.c:888:18:stai_network_get_error	0	static
../Core/Src/network.c:899:18:stai_network_get_states	8	static
../Core/Src/network.c:916:18:stai_network_set_activations	8	static
../Core/Src/network.c:946:18:stai_network_set_weights	8	static
../Core/Src/network.c:970:18:stai_network_set_inputs	8	static
../Core/Src/network.c:997:18:stai_network_set_outputs	8	static
../Core/Src/network.c:1024:18:stai_network_set_states	4	static
../Core/Src/network.c:1038:18:stai_network_set_callback	8	static
