../tensorflow/lite/micro/kernels/depthwise_conv.cc:30:7:void* tflite::{anonymous}::Init(TfLiteContext*, const char*, size_t)	8	static
C:/Users/USER/STM32CubeIDE/workspace_1.15.0/cnn_imp_v2/tensorflow/lite/kernels/internal/reference/depthwiseconv_float.h:25:13:void tflite::reference_ops::DepthwiseConv(const tflite::DepthwiseParams&, const tflite::RuntimeShape&, const float*, const tflite::RuntimeShape&, const float*, const tflite::RuntimeShape&, const float*, const tflite::RuntimeShape&, float*)	232	static
C:/Users/USER/STM32CubeIDE/workspace_1.15.0/cnn_imp_v2/tensorflow/lite/kernels/internal/reference/integer_ops/depthwise_conv.h:24:13:void tflite::reference_integer_ops::DepthwiseConvPerChannel(const tflite::DepthwiseParams&, const int32_t*, const int32_t*, const tflite::RuntimeShape&, const int8_t*, const tflite::RuntimeShape&, const int8_t*, const tflite::RuntimeShape&, const int32_t*, const tflite::RuntimeShape&, int8_t*)	176	static
C:/Users/USER/STM32CubeIDE/workspace_1.15.0/cnn_imp_v2/tensorflow/lite/kernels/internal/reference/integer_ops/depthwise_conv.h:124:13:void tflite::reference_integer_ops::DepthwiseConvPerChannel(const tflite::DepthwiseParams&, const int32_t*, const int32_t*, const tflite::RuntimeShape&, const int16_t*, const tflite::RuntimeShape&, const int8_t*, const tflite::RuntimeShape&, const int64_t*, const tflite::RuntimeShape&, int16_t*)	184	static
../tensorflow/lite/micro/kernels/depthwise_conv.cc:35:14:TfLiteStatus tflite::{anonymous}::Eval(TfLiteContext*, TfLiteNode*)	784	static
../tensorflow/lite/micro/kernels/depthwise_conv.cc:145:18:TFLMRegistration tflite::Register_DEPTHWISE_CONV_2D()	16	static
