../tensorflow/lite/micro/kernels/floor_div.cc:60:7:void* tflite::{anonymous}::Init(TfLiteContext*, const char*, size_t)	0	static
../tensorflow/lite/micro/kernels/floor_div.cc:64:14:TfLiteStatus tflite::{anonymous}::Prepare(TfLiteContext*, TfLiteNode*)	40	static
../tensorflow/lite/micro/kernels/floor_div.cc:126:18:TFLMRegistration tflite::Register_FLOOR_DIV()	16	static
C:/Users/USER/STM32CubeIDE/workspace_1.15.0/cnn_imp_v2/tensorflow/lite/kernels/internal/common.h:1128:22:void tflite::CopyDimsToDesc(const RuntimeShape&, NdArrayDesc<N>*) [with int N = 4]	8	static
../tensorflow/lite/micro/kernels/floor_div.cc:104:14:TfLiteStatus tflite::{anonymous}::Eval(TfLiteContext*, TfLiteNode*)	480	static
