../tensorflow/lite/micro/kernels/l2norm.cc:75:7:void* tflite::{anonymous}::Init(TfLiteContext*, const char*, size_t)	8	static
../tensorflow/lite/micro/kernels/l2norm.cc:36:14:TfLiteStatus tflite::{anonymous}::Prepare(TfLiteContext*, TfLiteNode*)	48	static
../tensorflow/lite/micro/kernels/l2norm.cc:81:14:TfLiteStatus tflite::{anonymous}::Eval(TfLiteContext*, TfLiteNode*)	184	static
../tensorflow/lite/micro/kernels/l2norm.cc:134:18:TFLMRegistration tflite::Register_L2NORM_REF()	16	static
../tensorflow/lite/micro/kernels/l2norm.cc:138:18:TFLMRegistration tflite::Register_L2_NORMALIZATION()	16	static
