../tensorflow/lite/micro/kernels/pooling.cc:94:7:void* tflite::{anonymous}::Init(TfLiteContext*, const char*, size_t)	8	static
../tensorflow/lite/micro/kernels/pooling.cc:61:14:TfLiteStatus tflite::{anonymous}::MaxEval(TfLiteContext*, TfLiteNode*)	320	static
../tensorflow/lite/micro/kernels/pooling.cc:27:14:TfLiteStatus tflite::{anonymous}::AverageEval(TfLiteContext*, TfLiteNode*)	328	static
../tensorflow/lite/micro/kernels/pooling.cc:101:18:TFLMRegistration tflite::Register_AVERAGE_POOL_2D()	16	static
../tensorflow/lite/micro/kernels/pooling.cc:105:18:TFLMRegistration tflite::Register_MAX_POOL_2D()	16	static
