../tensorflow/lite/micro/kernels/reduce_common.cc:140:14:TfLiteStatus tflite::QuantizedMeanOrSum(TfLiteContext*, TfLiteNode*, int*, int*, int32_t*, OpDataReduce*, bool) [with T = signed char]	96	static
../tensorflow/lite/micro/kernels/reduce_common.cc:140:14:TfLiteStatus tflite::QuantizedMeanOrSum(TfLiteContext*, TfLiteNode*, int*, int*, int32_t*, OpDataReduce*, bool) [with T = short int]	96	static
../tensorflow/lite/micro/kernels/reduce_common.cc:34:14:TfLiteStatus tflite::PrepareSimple(TfLiteContext*, TfLiteNode*, int32_t*, int*)	56	static
../tensorflow/lite/micro/kernels/reduce_common.cc:67:14:TfLiteStatus tflite::PrepareMaxHelper(TfLiteContext*, TfLiteNode*, OpDataReduce*)	64	static
../tensorflow/lite/micro/kernels/reduce_common.cc:93:14:TfLiteStatus tflite::PrepareMeanOrSumHelper(TfLiteContext*, TfLiteNode*, OpDataReduce*)	72	static
../tensorflow/lite/micro/kernels/reduce_common.cc:127:6:void tflite::ResolveAxis(const int*, int, MeanParams*)	4	static
../tensorflow/lite/micro/kernels/reduce_common.cc:176:14:TfLiteStatus tflite::EvalMeanHelper(TfLiteContext*, TfLiteNode*, OpDataReduce*)	240	static
../tensorflow/lite/micro/kernels/reduce_common.cc:237:14:TfLiteStatus tflite::EvalMaxHelper(TfLiteContext*, TfLiteNode*, OpDataReduce*)	96	static
../tensorflow/lite/micro/kernels/reduce_common.cc:291:14:TfLiteStatus tflite::EvalSumHelper(TfLiteContext*, TfLiteNode*, OpDataReduce*)	104	static
