../tensorflow/lite/micro/kernels/transpose_conv.cc:144:7:void* tflite::{anonymous}::Init(TfLiteContext*, const char*, size_t)	8	static
../tensorflow/lite/micro/kernels/transpose_conv.cc:149:14:TfLiteStatus tflite::{anonymous}::Prepare(TfLiteContext*, TfLiteNode*)	200	static
C:/Users/USER/STM32CubeIDE/workspace_1.15.0/cnn_imp_v2/tensorflow/lite/kernels/internal/reference/integer_ops/transpose_conv.h:126:13:void tflite::reference_integer_ops::TransposeConv(const tflite::ConvParams&, const int32_t*, const int32_t*, const tflite::RuntimeShape&, const int16_t*, const tflite::RuntimeShape&, const int8_t*, const tflite::RuntimeShape&, const Scalar*, const tflite::RuntimeShape&, int16_t*, const tflite::RuntimeShape&, int8_t*, Scalar*) [with Scalar = long long int]	152	static
../tensorflow/lite/micro/kernels/transpose_conv.cc:246:14:TfLiteStatus tflite::{anonymous}::Eval(TfLiteContext*, TfLiteNode*)	712	static
../tensorflow/lite/micro/kernels/transpose_conv.cc:348:18:TFLMRegistration tflite::Register_TRANSPOSE_CONV()	16	static
