../tensorflow/lite/micro/kernels/unidirectional_sequence_lstm.cc:37:7:void* tflite::{anonymous}::UnidirectionalSequenceLstmInit(TfLiteContext*, const char*, size_t)	8	static
../tensorflow/lite/micro/kernels/unidirectional_sequence_lstm.cc:43:14:TfLiteStatus tflite::{anonymous}::UnidirectionalSequenceLstmPrepare(TfLiteContext*, TfLiteNode*)	192	static
../tensorflow/lite/micro/kernels/unidirectional_sequence_lstm.cc:163:18:TFLMRegistration tflite::Register_UNIDIRECTIONAL_SEQUENCE_LSTM()	16	static
C:/Users/USER/STM32CubeIDE/workspace_1.15.0/cnn_imp_v2/tensorflow/lite/micro/kernels/lstm_eval.h:255:6:void tflite::lstm_internal::CalculateLstmGate(const LstmStepManager&, const tflite::GateParameters&, const TfLiteEvalTensor*, const TfLiteEvalTensor*, const TfLiteEvalTensor*, const TfLiteEvalTensor*, const TfLiteEvalTensor*, const TfLiteEvalTensor*, CellType*, CellType*, TfLiteFusedActivation) [with ActivationType = float; WeightType = float; CellType = float; BiasType = float]	328	static
C:/Users/USER/STM32CubeIDE/workspace_1.15.0/cnn_imp_v2/tensorflow/lite/micro/kernels/lstm_eval.h:319:6:void tflite::lstm_internal::UpdateLstmCell(const LstmStepManager&, TfLiteEvalTensor*, CellType*, const CellType*, const CellType*, const tflite::ArithmeticParams&, const tflite::ArithmeticParams&, const tflite::CellStateInfo&, CellType*) [with CellType = float]	128	static
C:/Users/USER/STM32CubeIDE/workspace_1.15.0/cnn_imp_v2/tensorflow/lite/micro/kernels/lstm_eval.h:365:6:void tflite::lstm_internal::UpdateLstmHidden(const LstmStepManager&, TfLiteEvalTensor*, TfLiteEvalTensor*, const CellType*, const tflite::ArithmeticParams&, int32_t, CellType*) [with CellType = float; ActivationType = float]	184	static
C:/Users/USER/STM32CubeIDE/workspace_1.15.0/cnn_imp_v2/tensorflow/lite/micro/kernels/lstm_eval.h:394:6:void tflite::lstm_internal::LstmStep(const LstmStepManager&, const tflite::OpDataLSTM&, tflite::LSTMKernelContents&, const tflite::LSTMBuffers<CellType>&) [with ActivationType = float; WeightType = float; CellType = float; BiasType = float]	136	static
C:/Users/USER/STM32CubeIDE/workspace_1.15.0/cnn_imp_v2/tensorflow/lite/micro/kernels/lstm_eval.h:255:6:void tflite::lstm_internal::CalculateLstmGate(const LstmStepManager&, const tflite::GateParameters&, const TfLiteEvalTensor*, const TfLiteEvalTensor*, const TfLiteEvalTensor*, const TfLiteEvalTensor*, const TfLiteEvalTensor*, const TfLiteEvalTensor*, CellType*, CellType*, TfLiteFusedActivation) [with ActivationType = signed char; WeightType = signed char; CellType = short int; BiasType = long int]	328	static
C:/Users/USER/STM32CubeIDE/workspace_1.15.0/cnn_imp_v2/tensorflow/lite/micro/kernels/lstm_eval.h:319:6:void tflite::lstm_internal::UpdateLstmCell(const LstmStepManager&, TfLiteEvalTensor*, CellType*, const CellType*, const CellType*, const tflite::ArithmeticParams&, const tflite::ArithmeticParams&, const tflite::CellStateInfo&, CellType*) [with CellType = short int]	128	static
C:/Users/USER/STM32CubeIDE/workspace_1.15.0/cnn_imp_v2/tensorflow/lite/micro/kernels/lstm_eval.h:365:6:void tflite::lstm_internal::UpdateLstmHidden(const LstmStepManager&, TfLiteEvalTensor*, TfLiteEvalTensor*, const CellType*, const tflite::ArithmeticParams&, int32_t, CellType*) [with CellType = short int; ActivationType = signed char]	184	static
C:/Users/USER/STM32CubeIDE/workspace_1.15.0/cnn_imp_v2/tensorflow/lite/micro/kernels/lstm_eval.h:394:6:void tflite::lstm_internal::LstmStep(const LstmStepManager&, const tflite::OpDataLSTM&, tflite::LSTMKernelContents&, const tflite::LSTMBuffers<CellType>&) [with ActivationType = signed char; WeightType = signed char; CellType = short int; BiasType = long int]	136	static
C:/Users/USER/STM32CubeIDE/workspace_1.15.0/cnn_imp_v2/tensorflow/lite/micro/kernels/lstm_eval.h:255:6:void tflite::lstm_internal::CalculateLstmGate(const LstmStepManager&, const tflite::GateParameters&, const TfLiteEvalTensor*, const TfLiteEvalTensor*, const TfLiteEvalTensor*, const TfLiteEvalTensor*, const TfLiteEvalTensor*, const TfLiteEvalTensor*, CellType*, CellType*, TfLiteFusedActivation) [with ActivationType = short int; WeightType = signed char; CellType = short int; BiasType = long long int]	328	static
C:/Users/USER/STM32CubeIDE/workspace_1.15.0/cnn_imp_v2/tensorflow/lite/micro/kernels/lstm_eval.h:365:6:void tflite::lstm_internal::UpdateLstmHidden(const LstmStepManager&, TfLiteEvalTensor*, TfLiteEvalTensor*, const CellType*, const tflite::ArithmeticParams&, int32_t, CellType*) [with CellType = short int; ActivationType = short int]	184	static
C:/Users/USER/STM32CubeIDE/workspace_1.15.0/cnn_imp_v2/tensorflow/lite/micro/kernels/lstm_eval.h:394:6:void tflite::lstm_internal::LstmStep(const LstmStepManager&, const tflite::OpDataLSTM&, tflite::LSTMKernelContents&, const tflite::LSTMBuffers<CellType>&) [with ActivationType = short int; WeightType = signed char; CellType = short int; BiasType = long long int]	136	static
../tensorflow/lite/micro/kernels/unidirectional_sequence_lstm.cc:98:14:TfLiteStatus tflite::{anonymous}::UnidirectionalSequenceLstmEval(TfLiteContext*, TfLiteNode*)	168	static
